// Jest Snapshot v1, https://goo.gl/fbAQLP

exports[`ApolloProxy should render correctly 1`] = `
Object {
  "data": Object {
    "currentUserContext": Object {
      "__typename": "User",
      "uid": 1,
      "uuid": "4e9af657-689b-4c06-8721-e267914f2255",
      Symbol(id): "$ROOT_QUERY.currentUserContext",
    },
    Symbol(id): "ROOT_QUERY",
  },
  "loading": false,
  "networkStatus": 7,
  "stale": false,
}
`;

exports[`ApolloProxy should render correctly 2`] = `
Object {
  "data": Object {
    "user": Object {
      "__typename": "User",
      "nodes": Object {
        "__typename": "EntityQueryResult",
        "articles": Array [
          Object {
            "__typename": "NodeArticle",
            "author": Object {
              "__typename": "User",
              "name": "admin",
              Symbol(id): "$ROOT_QUERY.currentUserContext.reverseUidNode({\\"offset\\":0,\\"limit\\":1000}).entities.0.entityOwner",
            },
            "body": null,
            "images": Array [],
            "nid": 13,
            "title": "hello article update",
            "uuid": "79502776-61f8-4c48-b464-d94eebe0e01b",
            Symbol(id): "$ROOT_QUERY.currentUserContext.reverseUidNode({\\"offset\\":0,\\"limit\\":1000}).entities.0",
          },
          Object {
            "__typename": "NodeArticle",
            "author": Object {
              "__typename": "User",
              "name": "admin",
              Symbol(id): "$ROOT_QUERY.currentUserContext.reverseUidNode({\\"offset\\":0,\\"limit\\":1000}).entities.1.entityOwner",
            },
            "body": Object {
              "__typename": "FieldNodeBody",
              "value": "<p>asdfasdf</p>
",
              Symbol(id): "$ROOT_QUERY.currentUserContext.reverseUidNode({\\"offset\\":0,\\"limit\\":1000}).entities.1.body",
            },
            "images": Array [],
            "nid": 14,
            "title": "asdfads",
            "uuid": "be510cd5-645e-4f72-8baa-06cf89f53f84",
            Symbol(id): "$ROOT_QUERY.currentUserContext.reverseUidNode({\\"offset\\":0,\\"limit\\":1000}).entities.1",
          },
        ],
        Symbol(id): "$ROOT_QUERY.currentUserContext.reverseUidNode({\\"offset\\":0,\\"limit\\":1000})",
      },
      "uid": 1,
      Symbol(id): "$ROOT_QUERY.currentUserContext",
    },
    Symbol(id): "ROOT_QUERY",
  },
  "loading": false,
  "networkStatus": 7,
  "stale": false,
}
`;
