// Jest Snapshot v1, https://goo.gl/fbAQLP

exports[`SignIn should render correctly 1`] = `
<div
  className="signin-container"
>
  <div
    className="text-center"
  >
    <form
      className="form-signin"
      onSubmit={[Function]}
    >
      <h1
        className="h3 mb-3 font-weight-normal"
      >
        Please sign in
      </h1>
      <input
        className="form-control"
        name="username"
        onChange={[Function]}
        placeholder="Username"
        type="username"
      />
      <input
        className="form-control"
        name="password"
        onChange={[Function]}
        placeholder="Password"
        type="password"
      />
      <div
        className="checkbox mb-3"
      >
        <label>
          <input
            type="checkbox"
            value="remember-me"
          />
           Remember me
        </label>
      </div>
      <button
        className="btn btn-lg btn-primary btn-block"
        type="submit"
      >
        Sign in
      </button>
    </form>
    <p
      style={
        Object {
          "color": "red",
          "display": "none",
        }
      }
    >
       Credentials incorrect
    </p>
  </div>
</div>
`;
